<!doctype html>
<html>
<head>
<meta http-equiv="Content-Type" content="text/html;charset=utf-8" />
<meta name="generator" content="TiddlyWiki" />
<meta name="tiddlywiki-version" content="5.1.23" />
<meta name="viewport" content="width=device-width, initial-scale=1.0" />
<meta name="apple-mobile-web-app-capable" content="yes" />
<meta name="apple-mobile-web-app-status-bar-style" content="black-translucent" />
<meta name="mobile-web-app-capable" content="yes"/>
<meta name="format-detection" content="telephone=no">
<link id="faviconLink" rel="shortcut icon" href="favicon.ico">
<link rel="stylesheet" href="static.css">
<title>tiny4412 SD卡格式化: H-wiki — Learn and live.</title>
</head>
<body class="tc-body">

<section class="tc-story-river tc-static-story-river">
<p><div class="tc-tiddler-frame tc-tiddler-view-frame tc-tiddler-exists  tc-tagged-work tc-tagged-android tc-tagged-program" data-tags="work android program" data-tiddler-title="tiny4412 SD卡格式化"><div class="tc-tiddler-title"><div class="tc-titlebar"><span class="tc-tiddler-controls"><span class=" tc-reveal"><button aria-label="更多" class="tc-btn-invisible tc-btn-%24%3A%2Fcore%2Fui%2FButtons%2Fmore-tiddler-actions" title="更多动作"></button><div class=" tc-reveal" hidden="true"></div></span><span class=" tc-reveal" hidden="true"></span><span class=" tc-reveal" hidden="true"></span><span class=" tc-reveal" hidden="true"></span><span class=" tc-reveal" hidden="true"></span><span class=" tc-reveal" hidden="true"></span><span class=" tc-reveal"><button aria-label="编辑" class="tc-btn-invisible tc-btn-%24%3A%2Fcore%2Fui%2FButtons%2Fedit" title="编辑此条目"></button></span><span class=" tc-reveal" hidden="true"></span><span class=" tc-reveal" hidden="true"></span><span class=" tc-reveal" hidden="true"></span><span class=" tc-reveal" hidden="true"></span><span class=" tc-reveal" hidden="true"></span><span class=" tc-reveal"><button aria-label="关闭" class="tc-btn-invisible tc-btn-%24%3A%2Fcore%2Fui%2FButtons%2Fclose" title="关闭此条目"></button></span><span class=" tc-reveal" hidden="true"></span><span class=" tc-reveal" hidden="true"></span><span class=" tc-reveal" hidden="true"></span></span><a class="tc-tiddlylink tc-tiddlylink-resolves" href="tiny4412%2520SD%25E5%258D%25A1%25E6%25A0%25BC%25E5%25BC%258F%25E5%258C%2596.html"><h2 class="tc-title">tiny4412 SD卡格式化</h2></a></div><div class="tc-tiddler-info tc-popup-handle tc-reveal" hidden="true"></div></div><div class=" tc-reveal" hidden="true"></div>
<div class=" tc-reveal"><div class="tc-subtitle"><a class="tc-tiddlylink tc-tiddlylink-missing" href=".html"></a>2021年01月23日 09:44</div></div><div class=" tc-reveal">
<div class="tc-tags-wrapper"><span class="tc-tag-list-item">
<span class="tc-tag-label tc-btn-invisible" draggable="true" style="background-color:;
fill:#333333;
color:#333333;">
android
</span>
<span class="tc-drop-down tc-reveal" hidden="true"></span></span><span class="tc-tag-list-item">
<span class="tc-tag-label tc-btn-invisible" draggable="true" style="background-color:;
fill:#333333;
color:#333333;">
program
</span>
<span class="tc-drop-down tc-reveal" hidden="true"></span></span><span class="tc-tag-list-item">
<span class="tc-tag-label tc-btn-invisible" draggable="true" style="background-color:;
fill:#333333;
color:#333333;">
work
</span>
<span class="tc-drop-down tc-reveal" hidden="true"></span></span></div>
</div>

<div class="tc-tiddler-body tc-reveal"><blockquote><div><a class="tc-tiddlylink-external" href="https://blog.csdn.net/sinat_20006769/article/details/79060743" rel="noopener noreferrer" target="_blank">【TINY4412】LINUX移植笔记：（14）SD卡分区、格式化</a></div></blockquote><ol><li>首先在Windows下格式化完成，再将SD卡插入Ubuntu</li><li>查看分区 <code>sudo fdisk -l</code></li></ol><pre class="bash hljs"><code>
ubuntu@ubuntu:~$ sudo fdisk -l
[sudo] password <span class="hljs-keyword">for</span> ubuntu: 
Disk /dev/sda: 60 GiB, 64424509440 bytes, 125829120 sectors
Units: sectors of 1 * 512 = 512 bytes
Sector size (logical/physical): 512 bytes / 512 bytes
I/O size (minimum/optimal): 512 bytes / 512 bytes
Disklabel <span class="hljs-built_in">type</span>: dos
Disk identifier: 0x3e12e1dc

Device     Boot     Start       End   Sectors Size Id Type
/dev/sda1  *         2048 121636863 121634816  58G 83 Linux
/dev/sda2       121638910 125827071   4188162   2G  5 Extended
/dev/sda5       121638912 125827071   4188160   2G 82 Linux swap / Solaris






Disk /dev/sdb: 14.5 GiB, 15552479232 bytes, 30375936 sectors
Units: sectors of 1 * 512 = 512 bytes
Sector size (logical/physical): 512 bytes / 512 bytes
I/O size (minimum/optimal): 512 bytes / 512 bytes
Disklabel <span class="hljs-built_in">type</span>: dos
Disk identifier: 0x6f20736b

Device     Boot      Start        End    Sectors   Size Id Type
/dev/sdb1        778135908 1919645538 1141509631 544.3G 72 unknown
/dev/sdb2        168689522 2104717761 1936028240 923.2G 65 Novell Netware 386
/dev/sdb3       1869881465 3805909656 1936028192 923.2G 79 unknown
/dev/sdb4       2885681152 2885736650      55499  27.1M  d unknown

Partition table entries are not <span class="hljs-keyword">in</span> disk order.</code></pre><ul><li><code>sudo fdisk /dev/sdb</code><ul><li><code>m</code> –&gt; 帮助</li><li><code>d</code> –&gt; 删除分区</li><li><code>n</code> –&gt; 新增分区</li><li><code>t</code> –&gt; 分区格式</li></ul></li></ul><pre><code>sudo fdisk /dev/sdb

Welcome to fdisk (util-linux 2.27.1).
Changes will remain in memory only, until you decide to write them.
Be careful before using the write command.


Command (m for help): m

Help:

  DOS (MBR)
   a   toggle a bootable flag
   b   edit nested BSD disklabel
   c   toggle the dos compatibility flag

  Generic
   d   delete a partition
   F   list free unpartitioned space
   l   list known partition types
   n   add a new partition
   p   print the partition table
   t   change a partition type
   v   verify the partition table
   i   print information about a partition

  Misc
   m   print this menu
   u   change display/entry units
   x   extra functionality (experts only)

  Script
   I   load disk layout from sfdisk script file
   O   dump disk layout to sfdisk script file

  Save &amp; Exit
   w   write table to disk and exit
   q   quit without saving changes

  Create a new label
   g   create a new empty GPT partition table
   G   create a new empty SGI (IRIX) partition table
   o   create a new empty DOS partition table
   s   create a new empty Sun partition table


Command (m for help): d
Partition number (1,2, default 2): 

Partition 2 has been deleted.

Command (m for help): d
Selected partition 1
Partition 1 has been deleted.

Command (m for help): p
Disk /dev/sdb: 14.5 GiB, 15552479232 bytes, 30375936 sectors
Units: sectors of 1 * 512 = 512 bytes
Sector size (logical/physical): 512 bytes / 512 bytes
I/O size (minimum/optimal): 512 bytes / 512 bytes
Disklabel type: dos
Disk identifier: 0x6f20736b

Command (m for help): n
Partition type
   p   primary (0 primary, 0 extended, 4 free)
   e   extended (container for logical partitions)
Select (default p): p
Partition number (1-4, default 1): 
First sector (2048-30375935, default 2048): 
Last sector, +sectors or +size{K,M,G,T,P} (2048-30375935, default 30375935): +1G

Created a new partition 1 of type 'Linux' and of size 1 GiB.

Command (m for help): n
Partition type
   p   primary (1 primary, 0 extended, 3 free)
   e   extended (container for logical partitions)
Select (default p): p
Partition number (2-4, default 2): 
First sector (2099200-30375935, default 2099200): 
Last sector, +sectors or +size{K,M,G,T,P} (2099200-30375935, default 30375935): 

Created a new partition 2 of type 'Linux' and of size 13.5 GiB.

Command (m for help): t
Partition number (1,2, default 2): 1
Partition type (type L to list all types): b

Changed type of partition 'Linux' to 'W95 FAT32'.

Command (m for help): t
Partition number (1,2, default 2): 
Partition type (type L to list all types): 83

Changed type of partition 'Linux' to 'Linux'.

Command (m for help): p
Disk /dev/sdb: 14.5 GiB, 15552479232 bytes, 30375936 sectors
Units: sectors of 1 * 512 = 512 bytes
Sector size (logical/physical): 512 bytes / 512 bytes
I/O size (minimum/optimal): 512 bytes / 512 bytes
Disklabel type: dos
Disk identifier: 0x6f20736b

Device     Boot   Start      End  Sectors  Size Id Type
/dev/sdb1          2048  2099199  2097152    1G  b W95 FAT32
/dev/sdb2       2099200 30375935 28276736 13.5G 83 Linux

Command (m for help): w
The partition table has been altered.
Calling ioctl() to re-read partition table.
Syncing disks.

ubuntu@ubuntu:~$ sudo fdisk -l
Disk /dev/sda: 60 GiB, 64424509440 bytes, 125829120 sectors
Units: sectors of 1 * 512 = 512 bytes
Sector size (logical/physical): 512 bytes / 512 bytes
I/O size (minimum/optimal): 512 bytes / 512 bytes
Disklabel type: dos
Disk identifier: 0x3e12e1dc

Device     Boot     Start       End   Sectors Size Id Type
/dev/sda1  *         2048 121636863 121634816  58G 83 Linux
/dev/sda2       121638910 125827071   4188162   2G  5 Extended
/dev/sda5       121638912 125827071   4188160   2G 82 Linux swap / Solaris

Disk /dev/sdb: 14.5 GiB, 15552479232 bytes, 30375936 sectors
Units: sectors of 1 * 512 = 512 bytes
Sector size (logical/physical): 512 bytes / 512 bytes
I/O size (minimum/optimal): 512 bytes / 512 bytes
Disklabel type: dos
Disk identifier: 0x6f20736b

Device     Boot   Start      End  Sectors  Size Id Type
/dev/sdb1          2048  2099199  2097152    1G  b W95 FAT32
/dev/sdb2       2099200 30375935 28276736 13.5G 83 Linux
ubuntu@ubuntu:~$ ll /dev/sdb
sdb   sdb1  sdb2  
ubuntu@ubuntu:~$ mkfs.msdos -n FAT32 -F 32 /dev/sdb1
mkfs.fat 3.0.28 (2015-05-16)
/dev/sdb1: Permission denied
ubuntu@ubuntu:~$ sudo mkfs.msdos -n FAT32 -F 32 /dev/sdb1
mkfs.fat 3.0.28 (2015-05-16)
ubuntu@ubuntu:~$ sudo mkfs.ext4 -L EXT4 /dev/sdb
sdb   sdb1  sdb2  
ubuntu@ubuntu:~$ sudo mkfs.ext4 -L EXT4 /dev/sdb
sdb   sdb1  sdb2  
ubuntu@ubuntu:~$ sudo mkfs.ext4 -L EXT4 /dev/sdb2
mke2fs 1.42.13 (17-May-2015)
Creating filesystem with 3534592 4k blocks and 884736 inodes
Filesystem UUID: d4d9b901-1dc9-4fe0-9c16-7158963b26b1
Superblock backups stored on blocks: 
	32768, 98304, 163840, 229376, 294912, 819200, 884736, 1605632, 2654208

Allocating group tables: done                            
Writing inode tables: done                            
Creating journal (32768 blocks): done
Writing superblocks and filesystem accounting information: done   

ubuntu@ubuntu:~$ 

</code></pre></div>

<div class="tc-tiddler-plugin-info tc-reveal"><p>
</p></div>



</div>

</p>
</section>
</body>
</html>

